// Jest Snapshot v1, https://goo.gl/fbAQLP

exports[`renders a snapshot 1`] = `
<div
  className="card"
  style={
    Object {
      "textAlign": "center",
    }
  }
>
  <div
    className="card-body"
  >
    <div
      className="card-title h5"
    >
      GitHub User MGCHAMPLIN
    </div>
    <p />
    <img
      className="card-img-top"
      src="./me.jpg"
    />
    <p
      className="card-text"
    >
      I'm a former embedded systems programmer who's branching out to learn full-stack development.
    </p>
  </div>
</div>
`;
